[debug] [2025-01-24T19:52:25.290Z] ----------------------------------------------------------------------
[debug] [2025-01-24T19:52:25.291Z] Command:       /Users/satyanandarowlo/.nvm/versions/node/v18.20.4/bin/node /Users/satyanandarowlo/.nvm/versions/node/v18.20.4/bin/firebase deploy
[debug] [2025-01-24T19:52:25.291Z] CLI Version:   13.17.0
[debug] [2025-01-24T19:52:25.292Z] Platform:      darwin
[debug] [2025-01-24T19:52:25.292Z] Node Version:  v18.20.4
[debug] [2025-01-24T19:52:25.292Z] Time:          Sat Jan 25 2025 01:22:25 GMT+0530 (India Standard Time)
[debug] [2025-01-24T19:52:25.293Z] ----------------------------------------------------------------------
[debug] 
[debug] [2025-01-24T19:52:25.329Z] > command requires scopes: ["email","openid","https://www.googleapis.com/auth/cloudplatformprojects.readonly","https://www.googleapis.com/auth/firebase","https://www.googleapis.com/auth/cloud-platform"]
[debug] [2025-01-24T19:52:25.329Z] > authorizing via signed-in user (satyanandarowlo@gmail.com)
[debug] [2025-01-24T19:52:25.330Z] [iam] checking project blissapp-1464d for permissions ["firebase.projects.get","firebasehosting.sites.update"]
[debug] [2025-01-24T19:52:25.330Z] >>> [apiv2][query] POST https://cloudresourcemanager.googleapis.com/v1/projects/blissapp-1464d:testIamPermissions [none]
[debug] [2025-01-24T19:52:25.331Z] >>> [apiv2][(partial)header] POST https://cloudresourcemanager.googleapis.com/v1/projects/blissapp-1464d:testIamPermissions x-goog-quota-user=projects/blissapp-1464d
[debug] [2025-01-24T19:52:25.331Z] >>> [apiv2][body] POST https://cloudresourcemanager.googleapis.com/v1/projects/blissapp-1464d:testIamPermissions {"permissions":["firebase.projects.get","firebasehosting.sites.update"]}
[debug] [2025-01-24T19:52:26.926Z] <<< [apiv2][status] POST https://cloudresourcemanager.googleapis.com/v1/projects/blissapp-1464d:testIamPermissions 200
[debug] [2025-01-24T19:52:26.926Z] <<< [apiv2][body] POST https://cloudresourcemanager.googleapis.com/v1/projects/blissapp-1464d:testIamPermissions {"permissions":["firebase.projects.get","firebasehosting.sites.update"]}
[debug] [2025-01-24T19:52:26.926Z] >>> [apiv2][query] GET https://firebase.googleapis.com/v1beta1/projects/blissapp-1464d [none]
[debug] [2025-01-24T19:52:27.767Z] <<< [apiv2][status] GET https://firebase.googleapis.com/v1beta1/projects/blissapp-1464d 200
[debug] [2025-01-24T19:52:27.767Z] <<< [apiv2][body] GET https://firebase.googleapis.com/v1beta1/projects/blissapp-1464d {"projectId":"blissapp-1464d","projectNumber":"686062898858","displayName":"BlissApp","name":"projects/blissapp-1464d","resources":{"hostingSite":"blissapp-1464d"},"state":"ACTIVE","etag":"1_948eb4d8-6300-4b5c-bb37-eea72b3e3aad"}
[info] 
[info] === Deploying to 'blissapp-1464d'...
[info] 
[info] i  deploying hosting 
[debug] [2025-01-24T19:52:27.771Z] >>> [apiv2][query] POST https://firebasehosting.googleapis.com/v1beta1/projects/-/sites/blissapp-1464d/versions [none]
[debug] [2025-01-24T19:52:27.772Z] >>> [apiv2][body] POST https://firebasehosting.googleapis.com/v1beta1/projects/-/sites/blissapp-1464d/versions {"status":"CREATED","labels":{"deployment-tool":"cli-firebase"}}
[debug] [2025-01-24T19:52:29.549Z] <<< [apiv2][status] POST https://firebasehosting.googleapis.com/v1beta1/projects/-/sites/blissapp-1464d/versions 200
[debug] [2025-01-24T19:52:29.549Z] <<< [apiv2][body] POST https://firebasehosting.googleapis.com/v1beta1/projects/-/sites/blissapp-1464d/versions {"name":"projects/686062898858/sites/blissapp-1464d/versions/6261cd12d039ebdc","status":"CREATED","config":{},"labels":{"deployment-tool":"cli-firebase"}}
[info] i  hosting[blissapp-1464d]: beginning deploy... 
[info] i  hosting[blissapp-1464d]: found 19 files in build 
[debug] [2025-01-24T19:52:29.560Z] [hosting] uploading with 200 concurrency
[debug] [2025-01-24T19:52:30.163Z] [hosting] hash cache [YnVpbGQ] stored for 19 files
[debug] [2025-01-24T19:52:30.163Z] [hosting][hash queue][FINAL] {"max":599,"min":4,"avg":119.94736842105263,"active":0,"complete":19,"success":19,"errored":0,"retried":0,"total":19,"elapsed":602}
[debug] [2025-01-24T19:52:30.163Z] >>> [apiv2][query] POST https://firebasehosting.googleapis.com/v1beta1/projects/686062898858/sites/blissapp-1464d/versions/6261cd12d039ebdc:populateFiles [none]
[debug] [2025-01-24T19:52:30.163Z] >>> [apiv2][body] POST https://firebasehosting.googleapis.com/v1beta1/projects/686062898858/sites/blissapp-1464d/versions/6261cd12d039ebdc:populateFiles {"files":{"/robots.txt":"391d14b3c2f8c9143a27a28c7399585142228d4d1bdbe2c87ac946de411fa9a2","/service-worker.js":"88b02078b089ff15fcd6c408752a8fd2be73d9e649d21d80808852a03ae08cfd","/manifest.json":"135752630b597f9557ab1aad04d4adf1a957971939e00a53490eec9fdc7d1317","/logo192.png":"f66564670b5bfe49f3f04a5b63107bae60f4a7736f1d3b83aa0115f7acf45150","/index.html":"da29474ea2ec8eb5f3b574d3513a33a51d7669010476d3de13172572e88bbb13","/logo512.png":"2356e0b814e58a349935c8de17226873d615d088a867d591fef48a64c80c9a2f","/favicon.ico":"1463be9bedc82e16f9364eec7a1f5152cbe56229401381eed65c1496cb884407","/asset-manifest.json":"ead5d1edf414d370eda4e9ce276e9f2babda7d288682516a5cf936ffbac88bf8","/static/js/main.576c1e0b.js.LICENSE.txt":"a2c7f24849eee7ee21dd78622280e2834f7c2992fe7ca6671e95e90b7e434177","/static/css/main.8ba0969d.css":"cd9315fbce8bca8bfd176cc88ef4595bb039541e8c0e0e10604ba176698ed01e","/static/js/206.d7dc74db.chunk.js":"90c28e1d305289a5f02cc95d10fa65299550df332616b519f43acfc0479cbde6","/bell-a-99888.mp3":"5d0691ef469b9d5081995581e9bf4c7bc0ea19e163f3a71da063039b8691da87","/river-flow-68361.mp3":"1d20182365ba4feee3c6886022f479052ed89de0843f1317256ac120aeb2c99c","/static/js/main.576c1e0b.js":"cd17aef765c9dd312ade9a85011422d28bce428d75d4c34bd25676fe66823eb7","/logo.png":"e8a5bf23b80cf1bf3619e270dfffd6d73bc42958cb6362a1cf0497eaae31effb","/hypnosis-habits3.mp3":"80c4f9bad1303cf67a437f05ed60a29b932f28f27488bce12962b75304bc5aa3","/hypnosis-health.mp3":"e85a4bcc0f63aa53b192c9ee2f81bbb92d1bcfd07122d299a46a9dd85bdd53ff","/hypnosis-health_full.mp3":"e85a4bcc0f63aa53b192c9ee2f81bbb92d1bcfd07122d299a46a9dd85bdd53ff","/health_head.mp3":"6d46ec97c7a82bddddf38e4c27411ce37c1fa0551707124ca09ddd940bc5ae80"}}
[debug] [2025-01-24T19:52:31.168Z] <<< [apiv2][status] POST https://firebasehosting.googleapis.com/v1beta1/projects/686062898858/sites/blissapp-1464d/versions/6261cd12d039ebdc:populateFiles 200
[debug] [2025-01-24T19:52:31.168Z] <<< [apiv2][body] POST https://firebasehosting.googleapis.com/v1beta1/projects/686062898858/sites/blissapp-1464d/versions/6261cd12d039ebdc:populateFiles {"uploadRequiredHashes":["6d46ec97c7a82bddddf38e4c27411ce37c1fa0551707124ca09ddd940bc5ae80","da29474ea2ec8eb5f3b574d3513a33a51d7669010476d3de13172572e88bbb13","cd17aef765c9dd312ade9a85011422d28bce428d75d4c34bd25676fe66823eb7","90c28e1d305289a5f02cc95d10fa65299550df332616b519f43acfc0479cbde6","ead5d1edf414d370eda4e9ce276e9f2babda7d288682516a5cf936ffbac88bf8"],"uploadUrl":"https://upload-firebasehosting.googleapis.com/upload/sites/blissapp-1464d/versions/6261cd12d039ebdc/files"}
[debug] [2025-01-24T19:52:31.169Z] >>> [apiv2][query] POST https://upload-firebasehosting.googleapis.com/upload/sites/blissapp-1464d/versions/6261cd12d039ebdc/files/6d46ec97c7a82bddddf38e4c27411ce37c1fa0551707124ca09ddd940bc5ae80 [none]
[debug] [2025-01-24T19:52:31.169Z] >>> [apiv2][body] POST https://upload-firebasehosting.googleapis.com/upload/sites/blissapp-1464d/versions/6261cd12d039ebdc/files/6d46ec97c7a82bddddf38e4c27411ce37c1fa0551707124ca09ddd940bc5ae80 [stream]
[debug] [2025-01-24T19:52:31.170Z] >>> [apiv2][query] POST https://upload-firebasehosting.googleapis.com/upload/sites/blissapp-1464d/versions/6261cd12d039ebdc/files/da29474ea2ec8eb5f3b574d3513a33a51d7669010476d3de13172572e88bbb13 [none]
[debug] [2025-01-24T19:52:31.170Z] >>> [apiv2][body] POST https://upload-firebasehosting.googleapis.com/upload/sites/blissapp-1464d/versions/6261cd12d039ebdc/files/da29474ea2ec8eb5f3b574d3513a33a51d7669010476d3de13172572e88bbb13 [stream]
[debug] [2025-01-24T19:52:31.171Z] >>> [apiv2][query] POST https://upload-firebasehosting.googleapis.com/upload/sites/blissapp-1464d/versions/6261cd12d039ebdc/files/cd17aef765c9dd312ade9a85011422d28bce428d75d4c34bd25676fe66823eb7 [none]
[debug] [2025-01-24T19:52:31.171Z] >>> [apiv2][body] POST https://upload-firebasehosting.googleapis.com/upload/sites/blissapp-1464d/versions/6261cd12d039ebdc/files/cd17aef765c9dd312ade9a85011422d28bce428d75d4c34bd25676fe66823eb7 [stream]
[debug] [2025-01-24T19:52:31.171Z] >>> [apiv2][query] POST https://upload-firebasehosting.googleapis.com/upload/sites/blissapp-1464d/versions/6261cd12d039ebdc/files/90c28e1d305289a5f02cc95d10fa65299550df332616b519f43acfc0479cbde6 [none]
[debug] [2025-01-24T19:52:31.171Z] >>> [apiv2][body] POST https://upload-firebasehosting.googleapis.com/upload/sites/blissapp-1464d/versions/6261cd12d039ebdc/files/90c28e1d305289a5f02cc95d10fa65299550df332616b519f43acfc0479cbde6 [stream]
[debug] [2025-01-24T19:52:31.172Z] >>> [apiv2][query] POST https://upload-firebasehosting.googleapis.com/upload/sites/blissapp-1464d/versions/6261cd12d039ebdc/files/ead5d1edf414d370eda4e9ce276e9f2babda7d288682516a5cf936ffbac88bf8 [none]
[debug] [2025-01-24T19:52:31.172Z] >>> [apiv2][body] POST https://upload-firebasehosting.googleapis.com/upload/sites/blissapp-1464d/versions/6261cd12d039ebdc/files/ead5d1edf414d370eda4e9ce276e9f2babda7d288682516a5cf936ffbac88bf8 [stream]
[debug] [2025-01-24T19:52:31.172Z] [hosting][populate queue][FINAL] {"max":1007,"min":1007,"avg":1007,"active":0,"complete":1,"success":1,"errored":0,"retried":0,"total":1,"elapsed":1010}
[debug] [2025-01-24T19:52:31.172Z] [hosting] uploads queued: 5
[debug] [2025-01-24T19:52:32.710Z] <<< [apiv2][status] POST https://upload-firebasehosting.googleapis.com/upload/sites/blissapp-1464d/versions/6261cd12d039ebdc/files/90c28e1d305289a5f02cc95d10fa65299550df332616b519f43acfc0479cbde6 200
[debug] [2025-01-24T19:52:32.710Z] <<< [apiv2][body] POST https://upload-firebasehosting.googleapis.com/upload/sites/blissapp-1464d/versions/6261cd12d039ebdc/files/90c28e1d305289a5f02cc95d10fa65299550df332616b519f43acfc0479cbde6 [stream]
[debug] [2025-01-24T19:52:32.920Z] <<< [apiv2][status] POST https://upload-firebasehosting.googleapis.com/upload/sites/blissapp-1464d/versions/6261cd12d039ebdc/files/cd17aef765c9dd312ade9a85011422d28bce428d75d4c34bd25676fe66823eb7 200
[debug] [2025-01-24T19:52:32.920Z] <<< [apiv2][body] POST https://upload-firebasehosting.googleapis.com/upload/sites/blissapp-1464d/versions/6261cd12d039ebdc/files/cd17aef765c9dd312ade9a85011422d28bce428d75d4c34bd25676fe66823eb7 [stream]
[debug] [2025-01-24T19:52:32.920Z] <<< [apiv2][status] POST https://upload-firebasehosting.googleapis.com/upload/sites/blissapp-1464d/versions/6261cd12d039ebdc/files/ead5d1edf414d370eda4e9ce276e9f2babda7d288682516a5cf936ffbac88bf8 200
[debug] [2025-01-24T19:52:32.920Z] <<< [apiv2][body] POST https://upload-firebasehosting.googleapis.com/upload/sites/blissapp-1464d/versions/6261cd12d039ebdc/files/ead5d1edf414d370eda4e9ce276e9f2babda7d288682516a5cf936ffbac88bf8 [stream]
